// Jest Snapshot v1, https://goo.gl/fbAQLP

exports[`generate generate Code 1`] = `
"/* eslint-disable @typescript-eslint/no-explicit-any */

/**
* AUTO_GENERATED Do not change this file directly, rerun the yarn vigo-swag-ts command*/

import { AxiosRequestConfig } from \\"axios\\";
import { VigoResponse } from \\"../config\\";
import { Http } from \\"../httpRequest\\";
import { ServiceLocation } from '../serviceLocationsAxios';
import { GetPrivateSettlementGetQueryParams, SettlementRequestResultListResponseVM,}  from \\"../../../undefined/undefined\\"

export const getPrivateSettlementGet = async (
    queryParams: GetPrivateSettlementGetQueryParams,configOverride?:AxiosRequestConfig
): Promise<VigoResponse< & (SettlementRequestResultListResponseVM)>> => {
  
  return await Http.get(ServiceLocation.undefined + '/settlement/v1/private/settlement/get',
    queryParams,
    undefined,
    configOverride
    )
}
"
`;

exports[`generate generate hooks 1`] = `""`;

exports[`generate generate type 1`] = `
"
/**
* AUTO_GENERATED Do not change this file directly, rerun the yarn vigo-swag-ts command*/
 
        
        export interface GetPrivateSettlementGetQueryParams {\\"EndDate\\"?: string;\\"IsAuto\\"?: boolean;
/**
 * 
 * - Format: decimal
 */
\\"MinimumAmount\\"?: number;
/**
 * 
 * - Format: int32
 */
\\"Skip\\"?: number;
/**
 * 
 * - Format: date-time
 */
\\"StartDate\\"?: string;\\"States\\"?:  & (SettlementRequestStatus)[];
/**
 * 
 * - Format: int64
 */
\\"UserWalletId\\"?: number;\\"status\\"?: SettlementRequestStatus;}
         
        
        export type NotificationLevel =\\"Unknown\\" | \\"Default\\" | \\"Success\\" | \\"Info\\" | \\"Warning\\" | \\"Danger\\";
         
        
        export interface SettlementRequestResultListResponseVM {
/**
 * 
 * - Format: int64
 */
\\"totalCount\\": number;\\"settlementRequests\\"?: SettlementRequestResultResponseVM[];}
         
        
        export interface SettlementRequestResultResponseVM {\\"automaticSettlement\\": boolean;
/**
 * 
 * - Format: decimal
 */
\\"commissionAmount\\": number;
/**
 * 
 * - Format: date-time
 */
\\"createDateUtc\\": string;
/**
 * 
 * - Format: guid
 */
\\"creatorUserId\\": string;
/**
 * 
 * - Format: int32
 */
\\"domainId\\": number;
/**
 * 
 * - Format: int64
 */
\\"id\\": number;\\"status\\": SettlementRequestStatus;
/**
 * 
 * - Format: int64
 */
\\"userWalletId\\": number;\\"accountNumber\\"?: string;}
         
        
        export type SettlementRequestStatus =\\"Pending\\" | \\"Paid\\";
        "
`;
